MPLINK 4.47, Linker
Linker Map File - Created Wed Mar 13 21:37:42 2013

                                 Section Info
                  Section       Type    Address   Location Size(Bytes)
                ---------  ---------  ---------  ---------  ---------
                   .org_0       code   0x000000    program   0x000000
                   .org_1       code   0x000000    program   0x00002c



                              Program Memory Usage 
                               Start         End      
                           ---------   ---------      
                            0x000000    0x000015      
            22 out of 2182 program addresses used, program memory utilization is 1%



                              Symbols - Sorted by Name
                     Name    Address   Location    Storage File                     
                ---------  ---------  ---------  --------- ---------                
                    DELAY   0x00000b    program     static D:\Eletrônica\Curso Técnico em Eletrônica - Centro Paula Souza\3º Módulo\Sistemas Microprocessados I\PIC\Exercícios\PIC2.ASM
                   INICIO   0x000006    program     static D:\Eletrônica\Curso Técnico em Eletrônica - Centro Paula Souza\3º Módulo\Sistemas Microprocessados I\PIC\Exercícios\PIC2.ASM
                    VOLTA   0x00000f    program     static D:\Eletrônica\Curso Técnico em Eletrônica - Centro Paula Souza\3º Módulo\Sistemas Microprocessados I\PIC\Exercícios\PIC2.ASM



                              Symbols - Sorted by Address
                     Name    Address   Location    Storage File                     
                ---------  ---------  ---------  --------- ---------                
                   INICIO   0x000006    program     static D:\Eletrônica\Curso Técnico em Eletrônica - Centro Paula Souza\3º Módulo\Sistemas Microprocessados I\PIC\Exercícios\PIC2.ASM
                    DELAY   0x00000b    program     static D:\Eletrônica\Curso Técnico em Eletrônica - Centro Paula Souza\3º Módulo\Sistemas Microprocessados I\PIC\Exercícios\PIC2.ASM
                    VOLTA   0x00000f    program     static D:\Eletrônica\Curso Técnico em Eletrônica - Centro Paula Souza\3º Módulo\Sistemas Microprocessados I\PIC\Exercícios\PIC2.ASM


